21:22:42 **** Incremental Build of configuration Debug for project vrs_cv2_ll_programming ****
make -j4 all 
arm-none-eabi-gcc "../Core/Src/main.c" -mcpu=cortex-m4 -std=gnu11 -g3 -DDEBUG -DUSE_FULL_LL_DRIVER -DHSE_VALUE=8000000 -DHSE_STARTUP_TIMEOUT=100 -DLSE_STARTUP_TIMEOUT=5000 -DLSE_VALUE=32768 -DEXTERNAL_CLOCK_VALUE=8000000 -DHSI_VALUE=8000000 -DLSI_VALUE=40000 -DVDD_VALUE=3300 -DPREFETCH_ENABLE=1 -DSTM32F303x8 -c -I../Core/Inc -I../Drivers/STM32F3xx_HAL_Driver/Inc -I../Drivers/CMSIS/Device/ST/STM32F3xx/Include -I../Drivers/CMSIS/Include -O0 -ffunction-sections -fdata-sections -Wall -fstack-usage -MMD -MP -MF"Core/Src/main.d" -MT"Core/Src/main.o" --specs=nano.specs -mfpu=fpv4-sp-d16 -mfloat-abi=hard -mthumb -o "Core/Src/main.o"
arm-none-eabi-gcc -o "vrs_cv2_ll_programming.elf" @"objects.list"   -mcpu=cortex-m4 -T"C:\Users\10786\Desktop\stm32 303\vrs_cvicenie_2-master\vrs_cv2_ll_programming\STM32F303K8TX_FLASH.ld" --specs=nosys.specs -Wl,-Map="vrs_cv2_ll_programming.map" -Wl,--gc-sections -static --specs=nano.specs -mfpu=fpv4-sp-d16 -mfloat-abi=hard -mthumb -Wl,--start-group -lc -lm -Wl,--end-group
Finished building target: vrs_cv2_ll_programming.elf
 
arm-none-eabi-size   vrs_cv2_ll_programming.elf 
arm-none-eabi-objdump -h -S  vrs_cv2_ll_programming.elf  > "vrs_cv2_ll_programming.list"
arm-none-eabi-objcopy  -O binary  vrs_cv2_ll_programming.elf  "vrs_cv2_ll_programming.bin"
   text	   data	    bss	    dec	    hex	filename
   1048	      8	   1568	   2624	    a40	vrs_cv2_ll_programming.elf
Finished building: default.size.stdout
 
Finished building: vrs_cv2_ll_programming.bin
Finished building: vrs_cv2_ll_programming.list
 
 

21:22:45 Build Finished. 0 errors, 0 warnings. (took 2s.388ms)

